// Jest Snapshot v1, https://goo.gl/fbAQLP

exports[`renders 1`] = `
<div
  className="Testimonials"
>
  <div
    className="title"
  >
    Testimonials
  </div>
</div>
`;
