// Jest Snapshot v1, https://goo.gl/fbAQLP

exports[`renders 1`] = `
<div
  className="Footer-footer-1 Footer"
>
  <div>
    © 2020 Kevin Cooper •
     
    <a
      href="https://github.com/cooperka/neuro-name"
    >
      View source
    </a>
  </div>
  <div>
    Images are sourced from Wikipedia and may be subject to copyright.
  </div>
</div>
`;
