// Jest Snapshot v1, https://goo.gl/fbAQLP

exports[`renders 1`] = `
<header
  className="MuiPaper-root-9 MuiPaper-shadow4-15 MuiAppBar-root-1 MuiAppBar-positionFixed-2 MuiAppBar-colorDefault-6 mui-fixed"
>
  <div
    className="MuiToolbar-root-36 MuiToolbar-gutters-37 NavBar"
  >
    <a
      href="/"
    >
      <img
        alt="Home"
        className="logo"
        src="logo.svg"
      />
    </a>
    <div
      className="buttons"
    >
      <NavLink
        className="MuiButtonBase-root-53 MuiButton-root-38 NavButton "
        exact={true}
        href={undefined}
        onBlur={[Function]}
        onFocus={[Function]}
        onKeyDown={[Function]}
        onKeyUp={[Function]}
        onMouseDown={[Function]}
        onMouseLeave={[Function]}
        onMouseUp={[Function]}
        onTouchEnd={[Function]}
        onTouchMove={[Function]}
        onTouchStart={[Function]}
        role="button"
        tabIndex={0}
        to="/"
      >
        <span
          className="MuiButton-label-39"
        >
          <div
            className="link-text"
          >
            Home
          </div>
        </span>
        <span
          className="MuiTouchRipple-root-55"
        />
      </NavLink>
      <NavLink
        className="MuiButtonBase-root-53 MuiButton-root-38 NavButton "
        exact={true}
        href={undefined}
        onBlur={[Function]}
        onFocus={[Function]}
        onKeyDown={[Function]}
        onKeyUp={[Function]}
        onMouseDown={[Function]}
        onMouseLeave={[Function]}
        onMouseUp={[Function]}
        onTouchEnd={[Function]}
        onTouchMove={[Function]}
        onTouchStart={[Function]}
        role="button"
        tabIndex={0}
        to="/about"
      >
        <span
          className="MuiButton-label-39"
        >
          <div
            className="link-text"
          >
            About
          </div>
        </span>
        <span
          className="MuiTouchRipple-root-55"
        />
      </NavLink>
      <a
        className="MuiButtonBase-root-53 MuiButton-root-38 NavButton "
        exact={undefined}
        href="https://github.com/cooperka/celebrain"
        onBlur={[Function]}
        onFocus={[Function]}
        onKeyDown={[Function]}
        onKeyUp={[Function]}
        onMouseDown={[Function]}
        onMouseLeave={[Function]}
        onMouseUp={[Function]}
        onTouchEnd={[Function]}
        onTouchMove={[Function]}
        onTouchStart={[Function]}
        tabIndex={0}
        to={undefined}
      >
        <span
          className="MuiButton-label-39"
        >
          <div
            className="link-text"
          >
            GitHub
          </div>
        </span>
        <span
          className="MuiTouchRipple-root-55"
        />
      </a>
    </div>
  </div>
</header>
`;
