// Jest Snapshot v1, https://goo.gl/fbAQLP

exports[`renders 1`] = `
<div
  className="Results"
>
  <div
    className="title"
  >
    Results
  </div>
  <button
    onClick={undefined}
  >
    Try again
  </button>
</div>
`;
