// Jest Snapshot v1, https://goo.gl/fbAQLP

exports[`renders 1`] = `
<li
  className="SocialLink"
>
  <a
    href="url"
  >
    <img
      alt="name"
      className="social-icon black"
      src="icon"
    />
    <img
      alt="name"
      className="social-icon color"
      src="iconHover"
    />
  </a>
</li>
`;
